// Jest Snapshot v1, https://goo.gl/fbAQLP

exports[`<Toolbar /> renders correctly 1`] = `
<div
  className="cal-toolbar"
>
  <div
    className="cal-toolbar__left"
  >
    <div
      className="button-group"
    >
      <div
        className="button cal-toolbar__button-today"
        onClick={[Function]}
      >
        Today
      </div>
      <div
        className="button cal-toolbar__button-previous"
        onClick={[Function]}
      >
        &lt;
      </div>
      <div
        className="button cal-toolbar__button-next"
        onClick={[Function]}
      >
        &gt;
      </div>
    </div>
  </div>
  <div
    className="cal-toolbar__right"
  >
    <div
      className="button-group"
    >
      <div
        className=" button cal-toolbar__button-day"
        onClick={[Function]}
      >
        Day
      </div>
      <div
        className=" button cal-toolbar__button-week"
        onClick={[Function]}
      >
        Week
      </div>
      <div
        className=" button cal-toolbar__button-month"
        onClick={[Function]}
      >
        Month
      </div>
    </div>
  </div>
</div>
`;
