// Jest Snapshot v1, https://goo.gl/fbAQLP

exports[`<Toolbar /> renders correctly 1`] = `
<div
  className="sc-bdVaJa dAlDHg"
>
  <div
    className="sc-htpNat ilyjRN"
  >
    <button
      className="sc-bwzfXH fukOoz"
    >
      Today
    </button>
    <button
      className="sc-bwzfXH fukOoz"
    >
      &lt;
    </button>
    <button
      className="sc-bwzfXH fukOoz"
    >
      &gt;
    </button>
  </div>
  <div
    className="sc-htpNat ilyjRN"
  >
    <button
      className="sc-bwzfXH fukOoz"
    >
      Day
    </button>
    <button
      className="sc-bwzfXH fukOoz"
    >
      Week
    </button>
    <button
      className="sc-bwzfXH fukOoz"
    >
      Month
    </button>
  </div>
</div>
`;
